// Vitest Snapshot v1, https://vitest.dev/guide/snapshot.html

exports[`Project Card > renders a card that will hold the information about a project 1`] = `
"<div class="MuiPaper-root MuiPaper-elevation MuiPaper-rounded MuiPaper-elevation1 MuiCard-root css-16wqpcm-MuiPaper-root-MuiCard-root" style="--Paper-shadow: 0px 2px 1px -1px rgba(0,0,0,0.2),0px 1px 1px 0px rgba(0,0,0,0.14),0px 1px 3px 0px rgba(0,0,0,0.12);">
  <div class="MuiCardMedia-root css-xk7vuk-MuiCardMedia-root"><iframe src="https://drive.google.com/file/d/1sNV5Q-qAhhKLSudDqTvVZynQIrGg76K6/preview" width="100%" height="100%" allow="autoplay"></iframe></div>
  <div class="MuiCardContent-root css-46bh2p-MuiCardContent-root">
    <div class="MuiGrid2-root MuiGrid2-container MuiGrid2-direction-xs-row css-1rr1yyo-MuiGrid2-root">
      <div class="MuiTypography-root MuiTypography-h5 MuiTypography-gutterBottom css-13y79c5-MuiTypography-root">Social Network API Using Mongoose</div>
    </div>
    <div class="MuiGrid2-root MuiGrid2-container MuiGrid2-direction-xs-row css-1rr1yyo-MuiGrid2-root">
      <p class="MuiTypography-root MuiTypography-body2 css-atovpb-MuiTypography-root">This project focuses on creating an API for a social networking web application. The backend was built with MongoDB in association with Mongoose for creating models and organizing data.This assignment was meant to create a functioning backend using Mongoose where users can create a friend’s list, and sharing and reacting to other user’s thoughts.</p>
    </div>
  </div>
  <div class="MuiCardActions-root MuiCardActions-spacing css-157ewyx-MuiCardActions-root"><button class="MuiButtonBase-root MuiIconButton-root MuiIconButton-sizeMedium css-7f8h13-MuiButtonBase-root-MuiIconButton-root" tabindex="0" type="button"><svg class="MuiSvgIcon-root MuiSvgIcon-fontSizeMedium css-20bmp1-MuiSvgIcon-root" focusable="false" aria-hidden="true" viewBox="0 0 24 24" data-testid="GitHubIcon" style="width: 35px; height: 35px;">
        <path d="M12 1.27a11 11 0 00-3.48 21.46c.55.09.73-.28.73-.55v-1.84c-3.03.64-3.67-1.46-3.67-1.46-.55-1.29-1.28-1.65-1.28-1.65-.92-.65.1-.65.1-.65 1.1 0 1.73 1.1 1.73 1.1.92 1.65 2.57 1.2 3.21.92a2 2 0 01.64-1.47c-2.47-.27-5.04-1.19-5.04-5.5 0-1.1.46-2.1 1.2-2.84a3.76 3.76 0 010-2.93s.91-.28 3.11 1.1c1.8-.49 3.7-.49 5.5 0 2.1-1.38 3.02-1.1 3.02-1.1a3.76 3.76 0 010 2.93c.83.74 1.2 1.74 1.2 2.94 0 4.21-2.57 5.13-5.04 5.4.45.37.82.92.82 2.02v3.03c0 .27.1.64.73.55A11 11 0 0012 1.27"></path>
      </svg></button><button class="MuiButtonBase-root MuiIconButton-root MuiIconButton-sizeMedium css-1fa0tqm-MuiButtonBase-root-MuiIconButton-root" tabindex="0" type="button"><svg class="MuiSvgIcon-root MuiSvgIcon-fontSizeMedium css-20bmp1-MuiSvgIcon-root" focusable="false" aria-hidden="true" viewBox="0 0 24 24" data-testid="LanguageIcon" style="width: 35px; height: 35px;">
        <path d="M11.99 2C6.47 2 2 6.48 2 12s4.47 10 9.99 10C17.52 22 22 17.52 22 12S17.52 2 11.99 2m6.93 6h-2.95c-.32-1.25-.78-2.45-1.38-3.56 1.84.63 3.37 1.91 4.33 3.56M12 4.04c.83 1.2 1.48 2.53 1.91 3.96h-3.82c.43-1.43 1.08-2.76 1.91-3.96M4.26 14C4.1 13.36 4 12.69 4 12s.1-1.36.26-2h3.38c-.08.66-.14 1.32-.14 2s.06 1.34.14 2zm.82 2h2.95c.32 1.25.78 2.45 1.38 3.56-1.84-.63-3.37-1.9-4.33-3.56m2.95-8H5.08c.96-1.66 2.49-2.93 4.33-3.56C8.81 5.55 8.35 6.75 8.03 8M12 19.96c-.83-1.2-1.48-2.53-1.91-3.96h3.82c-.43 1.43-1.08 2.76-1.91 3.96M14.34 14H9.66c-.09-.66-.16-1.32-.16-2s.07-1.35.16-2h4.68c.09.65.16 1.32.16 2s-.07 1.34-.16 2m.25 5.56c.6-1.11 1.06-2.31 1.38-3.56h2.95c-.96 1.65-2.49 2.93-4.33 3.56M16.36 14c.08-.66.14-1.32.14-2s-.06-1.34-.14-2h3.38c.16.64.26 1.31.26 2s-.1 1.36-.26 2z"></path>
      </svg></button></div>
</div>"
`;
